WITH users_events AS (
  SELECT 
      users_table.user_id as user_id,
      events_table.event_type as event_type
  FROM
      users_table,
      events_table
  WHERE
      users_table.user_id = events_table.user_id
  GROUP BY
      users_table.user_id,
      events_table.event_type
)
SELECT 
    *
FROM
    users_events
ORDER BY
  1, 2
LIMIT
  20;
 user_id | event_type 
---------+------------
       1 |          0
       1 |          1
       1 |          2
       1 |          3
       1 |          4
       1 |          6
       2 |          0
       2 |          1
       2 |          2
       2 |          3
       2 |          4
       2 |          5
       3 |          1
       3 |          2
       3 |          3
       3 |          4
       3 |          5
       4 |          0
       4 |          1
       4 |          2
(20 rows)

-- Two colocated CTE under a non-colocated join 
WITH colocated_1 AS (
  SELECT 
    users_table.user_id, events_table.value_2
  FROM
    users_table, events_table
  WHERE
    users_table.user_id = events_table.user_id AND event_type IN (1, 2, 3)
),
colocated_2 AS (
  SELECT 
    users_table.user_id, events_table.value_2
  FROM
    users_table, events_table
  WHERE
    users_table.user_id = events_table.user_id AND event_type IN (4, 5, 6)
)
SELECT colocated_1.user_id, count(*) 
FROM
  colocated_1, colocated_2
WHERE
  colocated_1.value_2 = colocated_2.value_2
GROUP BY
  1
ORDER BY
  2 DESC, 1;
 user_id | count 
---------+-------
       3 | 26792
       4 | 25024
       5 | 22724
       2 | 22554
       6 |  5720
       1 |  5593
(6 rows)

SET citus.task_executor_type TO 'task-tracker';
-- Two non-colocated CTE under a co-located join 
WITH non_colocated_1 AS (
  SELECT 
    users_table.user_id
  FROM
    users_table, events_table
  WHERE
    users_table.user_id = events_table.value_2 AND event_type IN (1, 2, 3)
),
non_colocated_2 AS (
  SELECT 
    users_table.user_id
  FROM
    users_table, events_table
  WHERE
    users_table.user_id = events_table.value_2 AND event_type IN (4, 5, 6)
)
SELECT non_colocated_1.user_id, count(*) 
FROM
  non_colocated_1, non_colocated_2
WHERE
  non_colocated_1.user_id = non_colocated_2.user_id
GROUP BY
  1
ORDER BY
  2 DESC, 1;
 user_id | count 
---------+-------
       2 | 60588
       4 | 21160
       3 | 13005
       5 | 10140
       1 |  4802
(5 rows)

  
WITH non_colocated AS (
  WITH colocated AS (
    SELECT 
      users_table.user_id as uid, events_table.value_2
    FROM 
      users_table, events_table
    WHERE
      users_table.user_id = events_table.user_id AND event_type IN (1, 2)
  ),
  colocated_2 AS (
    SELECT 
      users_table.user_id as uid, events_table.value_2
    FROM 
      users_table, events_table
    WHERE
      users_table.user_id = events_table.user_id AND event_type IN (3, 4)
  )
  SELECT
    colocated.uid, colocated.value_2
  FROM
    colocated, colocated_2
  WHERE
    colocated.value_2 = colocated_2.value_2
),
non_colocated_2 AS (
  SELECT 
    users_table.user_id as uid, events_table.value_2
  FROM
    users_table, events_table
  WHERE
    users_table.user_id = events_table.event_type AND event_type IN (5, 6)
)
SELECT
  sum(non_colocated.uid), sum(non_colocated.value_2), sum(non_colocated_2.value_2)
FROM
  non_colocated, non_colocated_2
WHERE 
  non_colocated.uid = non_colocated_2.uid
;
   sum    |   sum   |   sum   
----------+---------+---------
 19059280 | 8567392 | 8267120
(1 row)

-- this query doesn't make much sense though but tests colocated join and non-colocated join together
WITH users_events AS (
  WITH colocated_join AS (
    SELECT
      users_table.user_id as uid, events_table.event_type
    FROM
        users_table
      join
        events_table
      on (users_table.user_id = events_table.user_id)
    WHERE
      users_table.value_2 IN (1, 2)
  ),
  non_colocated_join AS (
    SELECT
      users_table.user_id as n_uid, events_table.event_type
    FROM
        users_table
      join
        events_table
      on (users_table.value_2 = events_table.value_2)
  )
  SELECT
    uid, colocated_join.event_type
  FROM
      colocated_join
    INNER join
      non_colocated_join
    on (colocated_join.event_type = non_colocated_join.event_type)
)
SELECT
  sum(uid), sum(event_type)
FROM
  users_events;
  sum   |  sum   
--------+--------
 972702 | 648967
(1 row)

SET citus.task_executor_type = 'real-time';
-- Subqueries in WHERE and FROM are mixed
-- In this query, only subquery in WHERE is not a colocated join
WITH users_events AS (
  WITH colocated_join AS (
    SELECT
      users_table.user_id as uid, event_type
    FROM
        users_table
      join
        events_table
      on (users_table.user_id = events_table.user_id)
    WHERE
      events_table.event_type IN (1, 2, 3)
  ),
  colocated_join_2 AS (
    SELECT
      users_table.user_id, event_type
    FROM
        users_table
      join
        events_table
      on (users_table.user_id = events_table.user_id)
    WHERE
      events_table.event_type IN (4, 5, 6)
  )
  SELECT
    uid, colocated_join.event_type
  FROM
    colocated_join,
    colocated_join_2
  WHERE
    colocated_join.uid = colocated_join_2.user_id AND
    colocated_join.event_type IN (
    WITH some_events AS (
      SELECT
        event_type
      FROM
        events_table
      WHERE 
        user_id < 100 
      GROUP BY 
        1 
      ORDER BY 
        1 
      LIMIT 10
    )
    SELECT
      *
    FROM
      some_events
  )
)
SELECT
  *
FROM
  users_events
ORDER BY 
  1, 2
LIMIT 
  20;
 uid | event_type 
-----+------------
   1 |          1
   1 |          1
   1 |          1
   1 |          1
   1 |          1
   1 |          1
   1 |          1
   1 |          1
   1 |          1
   1 |          1
   1 |          1
   1 |          1
   1 |          1
   1 |          1
   1 |          1
   1 |          1
   1 |          1
   1 |          1
   1 |          1
   1 |          1
(20 rows)

-- cte LEFT JOIN distributed_table should error out
WITH cte AS (
  SELECT * FROM users_table WHERE user_id = 1
)
SELECT cte.user_id, cte.time, events_table.event_type FROM cte LEFT JOIN events_table on cte.user_id=events_table.user_id
ORDER BY 
  1,2,3
LIMIT 
  10;
 user_id |              time               | event_type 
---------+---------------------------------+------------
       1 | Wed Nov 22 22:51:43.132261 2017 |          0
       1 | Wed Nov 22 22:51:43.132261 2017 |          0
       1 | Wed Nov 22 22:51:43.132261 2017 |          1
       1 | Wed Nov 22 22:51:43.132261 2017 |          1
       1 | Wed Nov 22 22:51:43.132261 2017 |          2
       1 | Wed Nov 22 22:51:43.132261 2017 |          2
       1 | Wed Nov 22 22:51:43.132261 2017 |          3
       1 | Wed Nov 22 22:51:43.132261 2017 |          3
       1 | Wed Nov 22 22:51:43.132261 2017 |          3
       1 | Wed Nov 22 22:51:43.132261 2017 |          4
(10 rows)

SELECT a.user_id, a.time, events_table.event_type FROM 
  (
    WITH cte AS (
      SELECT * FROM users_table WHERE user_id = 1
    )
    SELECT * FROM cte
  ) a
  LEFT JOIN 
    events_table 
  on 
    a.user_id=events_table.user_id
ORDER BY 
  1,2,3
LIMIT 
  10;
 user_id |              time               | event_type 
---------+---------------------------------+------------
       1 | Wed Nov 22 22:51:43.132261 2017 |          0
       1 | Wed Nov 22 22:51:43.132261 2017 |          0
       1 | Wed Nov 22 22:51:43.132261 2017 |          1
       1 | Wed Nov 22 22:51:43.132261 2017 |          1
       1 | Wed Nov 22 22:51:43.132261 2017 |          2
       1 | Wed Nov 22 22:51:43.132261 2017 |          2
       1 | Wed Nov 22 22:51:43.132261 2017 |          3
       1 | Wed Nov 22 22:51:43.132261 2017 |          3
       1 | Wed Nov 22 22:51:43.132261 2017 |          3
       1 | Wed Nov 22 22:51:43.132261 2017 |          4
(10 rows)

-- cte LEFT JOIN cte should work
WITH cte AS (
  SELECT * FROM users_table WHERE user_id IN (1, 2)
),
cte_2 AS (
  SELECT * FROM users_table WHERE user_id IN (2, 3)
)
SELECT cte.user_id, cte.time, cte_2.value_2 FROM cte LEFT JOIN cte_2 on cte.user_id=cte_2.user_id
ORDER BY 
  1,2,3
LIMIT 
  10;
 user_id |              time               | value_2 
---------+---------------------------------+---------
       1 | Wed Nov 22 22:51:43.132261 2017 |        
       1 | Thu Nov 23 03:32:50.803031 2017 |        
       1 | Thu Nov 23 09:26:42.145043 2017 |        
       1 | Thu Nov 23 11:11:24.40789 2017  |        
       1 | Thu Nov 23 11:44:57.515981 2017 |        
       1 | Thu Nov 23 17:23:03.441394 2017 |        
       1 | Thu Nov 23 17:30:34.635085 2017 |        
       2 | Wed Nov 22 18:19:49.944985 2017 |       0
       2 | Wed Nov 22 18:19:49.944985 2017 |       1
       2 | Wed Nov 22 18:19:49.944985 2017 |       1
(10 rows)

-- cte as a subquery in left join errors out
SELECT a.user_id, a.time, b.value_2 FROM 
  (
    WITH cte AS (
      SELECT * FROM users_table WHERE user_id IN (1, 2)
    )
    SELECT * FROM cte
  ) a
  LEFT JOIN 
  (
    WITH cte_2 AS (
      SELECT * FROM users_table WHERE user_id IN (2, 3)
    )
    SELECT * FROM cte_2
  ) b
  on 
    a.user_id=b.user_id
ORDER BY 
  1,2,3
LIMIT 
  10;
 user_id |              time               | value_2 
---------+---------------------------------+---------
       1 | Wed Nov 22 22:51:43.132261 2017 |        
       1 | Thu Nov 23 03:32:50.803031 2017 |        
       1 | Thu Nov 23 09:26:42.145043 2017 |        
       1 | Thu Nov 23 11:11:24.40789 2017  |        
       1 | Thu Nov 23 11:44:57.515981 2017 |        
       1 | Thu Nov 23 17:23:03.441394 2017 |        
       1 | Thu Nov 23 17:30:34.635085 2017 |        
       2 | Wed Nov 22 18:19:49.944985 2017 |       0
       2 | Wed Nov 22 18:19:49.944985 2017 |       1
       2 | Wed Nov 22 18:19:49.944985 2017 |       1
(10 rows)

